

================================================================
== Vitis HLS Report for 'clock_generator'
================================================================
* Date:           Sun Sep 10 13:09:48 2023

* Version:        2023.1 (Build 3854077 on May  4 2023)
* Project:        clock_generator-vhls
* Solution:       solution1 (Vivado IP Flow Target)
* Product family: spartan7
* Target device:  xc7s100-fgga676-2


================================================================
== Performance Estimates
================================================================
+ Timing: 
    * Summary: 
    +--------+----------+----------+------------+
    |  Clock |  Target  | Estimated| Uncertainty|
    +--------+----------+----------+------------+
    |ap_clk  |  10.00 ns|  2.958 ns|     2.70 ns|
    +--------+----------+----------+------------+

+ Latency: 
    * Summary: 
    +---------+---------+----------+----------+-----+-----+---------+
    |  Latency (cycles) |  Latency (absolute) |  Interval | Pipeline|
    |   min   |   max   |    min   |    max   | min | max |   Type  |
    +---------+---------+----------+----------+-----+-----+---------+
    |        0|        0|      0 ns|      0 ns|    1|    1|       no|
    +---------+---------+----------+----------+-----+-----+---------+

    + Detail: 
        * Instance: 
        N/A

        * Loop: 
        N/A



================================================================
== Utilization Estimates
================================================================
* Summary: 
+-----------------+---------+-----+--------+-------+-----+
|       Name      | BRAM_18K| DSP |   FF   |  LUT  | URAM|
+-----------------+---------+-----+--------+-------+-----+
|DSP              |        -|    -|       -|      -|    -|
|Expression       |        -|    -|       0|    114|    -|
|FIFO             |        -|    -|       -|      -|    -|
|Instance         |        -|    -|       -|      -|    -|
|Memory           |        -|    -|       -|      -|    -|
|Multiplexer      |        -|    -|       -|      -|    -|
|Register         |        -|    -|      34|      -|    -|
+-----------------+---------+-----+--------+-------+-----+
|Total            |        0|    0|      34|    114|    0|
+-----------------+---------+-----+--------+-------+-----+
|Available        |      240|  160|  128000|  64000|    0|
+-----------------+---------+-----+--------+-------+-----+
|Utilization (%)  |        0|    0|      ~0|     ~0|    0|
+-----------------+---------+-----+--------+-------+-----+

+ Detail: 
    * Instance: 
    N/A

    * DSP: 
    N/A

    * Memory: 
    N/A

    * FIFO: 
    N/A

    * Expression: 
    +-------------------------+----------+----+---+----+------------+------------+
    |      Variable Name      | Operation| DSP| FF| LUT| Bitwidth P0| Bitwidth P1|
    +-------------------------+----------+----+---+----+------------+------------+
    |next_counter_fu_52_p2    |         +|   0|  0|  39|          32|           2|
    |next_state_1_fu_46_p2    |      icmp|   0|  0|  39|          32|           1|
    |next_counter_1_fu_58_p3  |    select|   0|  0|  32|           1|           4|
    |next_state_2_fu_72_p3    |    select|   0|  0|   2|           1|           1|
    |next_state_fu_66_p2      |       xor|   0|  0|   2|           1|           2|
    +-------------------------+----------+----+---+----+------------+------------+
    |Total                    |          |   0|  0| 114|          67|          10|
    +-------------------------+----------+----+---+----+------------+------------+

    * Multiplexer: 
    N/A

    * Register: 
    +-----------+----+----+-----+-----------+
    |    Name   | FF | LUT| Bits| Const Bits|
    +-----------+----+----+-----+-----------+
    |ap_CS_fsm  |   1|   0|    1|          0|
    |counter    |  32|   0|   32|          0|
    |state      |   1|   0|    1|          0|
    +-----------+----+----+-----+-----------+
    |Total      |  34|   0|   34|          0|
    +-----------+----+----+-----+-----------+



================================================================
== Interface
================================================================
* Summary: 
+-------------------+-----+-----+--------------+-------------------+--------------+
|     RTL Ports     | Dir | Bits|   Protocol   |   Source Object   |    C Type    |
+-------------------+-----+-----+--------------+-------------------+--------------+
|ap_clk             |   in|    1|  ap_ctrl_none|    clock_generator|  return value|
|ap_rst             |   in|    1|  ap_ctrl_none|    clock_generator|  return value|
|slow_clock_signal  |  out|    1|       ap_none|  slow_clock_signal|       pointer|
+-------------------+-----+-----+--------------+-------------------+--------------+

