

================================================================
== Synthesis Summary Report of 'debouncer'
================================================================
+ General Information: 
    * Date:           Sun Sep 10 03:03:47 2023
    * Version:        2023.1 (Build 3854077 on May  4 2023)
    * Project:        debouncer-vhls
    * Solution:       solution1 (Vivado IP Flow Target)
    * Product family: spartan7
    * Target device:  xc7s100-fgga676-2
    

+ Performance & Resource Estimates: 
    
    PS: '+' for module; 'o' for loop; '*' for dataflow
    +-------------+------+------+---------+--------+----------+---------+------+----------+------+----+----------+-----------+-----+
    |   Modules   | Issue|      | Latency | Latency| Iteration|         | Trip |          |      |    |          |           |     |
    |   & Loops   | Type | Slack| (cycles)|  (ns)  |  Latency | Interval| Count| Pipelined| BRAM | DSP|    FF    |    LUT    | URAM|
    +-------------+------+------+---------+--------+----------+---------+------+----------+------+----+----------+-----------+-----+
    |+ debouncer  |     -|  3.56|        0|   0.000|         -|        1|     -|        no|     -|   -|  67 (~0%)|  278 (~0%)|    -|
    +-------------+------+------+---------+--------+----------+---------+------+----------+------+----+----------+-----------+-----+


================================================================
== HW Interfaces
================================================================
* Other Ports
+-------+---------+-----------+----------+
| Port  | Mode    | Direction | Bitwidth |
+-------+---------+-----------+----------+
| out_r | ap_none | out       | 1        |
| sw    | ap_none | in        | 1        |
+-------+---------+-----------+----------+

* TOP LEVEL CONTROL
+-----------+--------------+--------+
| Interface | Type         | Ports  |
+-----------+--------------+--------+
| ap_clk    | clock        | ap_clk |
| ap_rst    | reset        | ap_rst |
| ap_ctrl   | ap_ctrl_none |        |
+-----------+--------------+--------+


================================================================
== SW I/O Information
================================================================
* Top Function Arguments
+----------+-----------+----------+
| Argument | Direction | Datatype |
+----------+-----------+----------+
| sw       | in        | bool     |
| out      | out       | bool&    |
+----------+-----------+----------+

* SW-to-HW Mapping
+----------+--------------+---------+
| Argument | HW Interface | HW Type |
+----------+--------------+---------+
| sw       | sw           | port    |
| out      | out_r        | port    |
+----------+--------------+---------+


================================================================
== Bind Op Report
================================================================
+-------------------------+-----+--------+--------------+-----+--------+---------+
| Name                    | DSP | Pragma | Variable     | Op  | Impl   | Latency |
+-------------------------+-----+--------+--------------+-----+--------+---------+
| + debouncer             | 0   |        |              |     |        |         |
|   next_counter_fu_71_p2 | -   |        | next_counter | add | fabric | 0       |
+-------------------------+-----+--------+--------------+-----+--------+---------+


================================================================
== Bind Storage Report
================================================================
  No bind storage info in design

================================================================
== Pragma Report
================================================================
* Valid Pragma Syntax
+-----------+-------------------------------+---------------------------------------+
| Type      | Options                       | Location                              |
+-----------+-------------------------------+---------------------------------------+
| interface | mode=ap_none port=sw          | debouncer.cpp:8 in debouncer, sw      |
| interface | mode=ap_none port=out         | debouncer.cpp:9 in debouncer, out     |
| interface | mode=ap_ctrl_none port=return | debouncer.cpp:10 in debouncer, return |
+-----------+-------------------------------+---------------------------------------+


